// Jest Snapshot v1, https://goo.gl/fbAQLP

exports[`Footer should render successfully 1`] = `
<footer
  className="mt-20 w-full bg-gray-100"
>
  <div
    className="mx-auto max-w-screen-xl py-8 px-4 flex gap-8 items-center justify-between"
  >
    <ul
      className="flex gap-4 text-xs not-italic opacity-65"
    >
      <li>
        <a
          className="hover:underline"
          href="https://github.com/artusm/mono-ecommerce"
          rel="noreferrer noopener"
          target="_blank"
        >
          Github
        </a>
      </li>
      <li>
        <a
          className="hover:underline"
          href="https://github.com/artusm"
          rel="author noreferrer noopener"
          target="_blank"
        >
          artusm
        </a>
      </li>
    </ul>
  </div>
</footer>
`;
